Archive member included to satisfy reference by file (symbol)

/opt/riscv32im/lib/gcc/riscv32-unknown-elf/11.1.0/../../../../riscv32-unknown-elf/lib/libc.a(lib_a-memcpy.o)
                              build/src/memcpy.o (memcpy)

Memory Configuration

Name             Origin             Length             Attributes
onChipRom        0x0000000040000000 0x0000000000001c00 xr
stack            0x0000000040001c00 0x0000000000000400 w !xr
onChipRam        0x0000000080000000 0x0000000000004000 w !xr
*default*        0x0000000000000000 0xffffffffffffffff

Linker script and memory map

LOAD build/src/briey_main.o
LOAD build/src/briey_crt.o
LOAD build/src/memcpy.o
LOAD build/src/aes.o
LOAD /opt/riscv32im/lib/gcc/riscv32-unknown-elf/11.1.0/../../../../riscv32-unknown-elf/lib/libc.a
LOAD /opt/riscv32im/lib/gcc/riscv32-unknown-elf/11.1.0/../../../../riscv32-unknown-elf/lib/libc.a
LOAD /opt/riscv32im/lib/gcc/riscv32-unknown-elf/11.1.0/libgcc.a
                0x0000000000000800                _stack_size = 0x800
                0x0000000000000000                _heap_size = 0x0

.vector         0x0000000080000000      0x114
 *crt.o(.text)
 .text          0x0000000080000000      0x114 build/src/briey_crt.o
                0x0000000080000000                crtStart
                0x0000000080000020                trap_entry

.memory         0x0000000080000114     0x10e0
 *(.text)
 .text          0x0000000080000114      0x234 build/src/briey_main.o
                0x00000000800002c8                print
                0x0000000080000300                irqCallback
                0x000000008000033c                clock
 .text          0x0000000080000348      0x1f4 build/src/memcpy.o
                0x0000000080000348                memcpy1
                0x00000000800004c8                memcmp1
 .text          0x000000008000053c      0xb90 build/src/aes.o
                0x00000000800010a8                AES_init_ctx
                0x00000000800010ac                AES_ECB_encrypt
                0x00000000800010bc                AES_ECB_decrypt
 .text          0x00000000800010cc      0x128 /opt/riscv32im/lib/gcc/riscv32-unknown-elf/11.1.0/../../../../riscv32-unknown-elf/lib/libc.a(lib_a-memcpy.o)
                0x00000000800010cc                memcpy
                0x00000000800011f4                end = .

.text.startup   0x00000000800011f4       0x70
 .text.startup  0x00000000800011f4       0x70 build/src/briey_main.o
                0x00000000800011f4                main

.rodata         0x0000000080001264      0x22c
 *(.rdata)
 *(.rodata .rodata.*)
 .rodata.str1.4
                0x0000000080001264       0x1e build/src/briey_main.o
 *fill*         0x0000000080001282        0x2 
 .rodata        0x0000000080001284      0x20c build/src/aes.o
 *(.gnu.linkonce.r.*)

.rela.dyn       0x0000000080001490        0x0
 .rela.text     0x0000000080001490        0x0 build/src/briey_main.o

.ctors          0x0000000080001490        0x0
                0x0000000080001490                . = ALIGN (0x4)
                0x0000000080001490                _ctors_start = .
 *(.init_array*)
 *(SORT_BY_NAME(.ctors.*))
 *(.ctors)
                0x0000000080001490                . = ALIGN (0x4)
                0x0000000080001490                _ctors_end = .

.data           0x0000000080001490        0x0
 *(.rdata)
 *(.rodata .rodata.*)
 *(.gnu.linkonce.r.*)
 *(.data .data.*)
 .data          0x0000000080001490        0x0 build/src/briey_main.o
 .data          0x0000000080001490        0x0 build/src/briey_crt.o
 .data          0x0000000080001490        0x0 build/src/memcpy.o
 .data          0x0000000080001490        0x0 build/src/aes.o
 .data          0x0000000080001490        0x0 /opt/riscv32im/lib/gcc/riscv32-unknown-elf/11.1.0/../../../../riscv32-unknown-elf/lib/libc.a(lib_a-memcpy.o)
 *(.gnu.linkonce.d.*)
                0x0000000080001490                . = ALIGN (0x8)
                0x0000000080001c90                PROVIDE (__global_pointer$ = (. + 0x800))
 *(.sdata .sdata.*)
 *(.gnu.linkonce.s.*)
                0x0000000080001490                . = ALIGN (0x8)
 *(.srodata.cst16)
 *(.srodata.cst8)
 *(.srodata.cst4)
 *(.srodata.cst2)
 *(.srodata .srodata.*)

.bss            0x0000000080001490       0x10
                0x0000000080001490                . = ALIGN (0x4)
                0x0000000080001490                _bss_start = .
 *(.sbss*)
 .sbss          0x0000000080001490       0x10 build/src/briey_main.o
                0x0000000080001494                exception_cause
                0x0000000080001498                exception_instr
                0x000000008000149c                exception_addr
 *(.gnu.linkonce.sb.*)
 *(.bss .bss.*)
 .bss           0x00000000800014a0        0x0 build/src/briey_main.o
 .bss           0x00000000800014a0        0x0 build/src/briey_crt.o
 .bss           0x00000000800014a0        0x0 build/src/memcpy.o
 .bss           0x00000000800014a0        0x0 build/src/aes.o
 .bss           0x00000000800014a0        0x0 /opt/riscv32im/lib/gcc/riscv32-unknown-elf/11.1.0/../../../../riscv32-unknown-elf/lib/libc.a(lib_a-memcpy.o)
 *(.gnu.linkonce.b.*)
 *(COMMON)
                0x00000000800014a0                . = ALIGN (0x4)
                0x00000000800014a0                _bss_end = .

.noinit         0x00000000800014a0        0x0
                0x00000000800014a0                . = ALIGN (0x4)
 *(.noinit .noinit.*)
                0x00000000800014a0                . = ALIGN (0x4)

._user_heap     0x00000000800014a0        0x0
                0x00000000800014a0                . = ALIGN (0x8)
                [!provide]                        PROVIDE (end = .)
                [!provide]                        PROVIDE (_end = .)
                [!provide]                        PROVIDE (_heap_start = .)
                0x00000000800014a0                . = (. + _heap_size)
                0x00000000800014a0                . = ALIGN (0x8)
                [!provide]                        PROVIDE (_heap_end = .)

._stack         0x00000000800014a0      0x800
                0x00000000800014a0                . = ALIGN (0x10)
 *fill*         0x00000000800014a0        0x0 
                [!provide]                        PROVIDE (_stack_end = .)
                0x0000000080001ca0                . = (. + _stack_size)
 *fill*         0x00000000800014a0      0x800 
                0x0000000080001ca0                . = ALIGN (0x10)
                0x0000000080001ca0                PROVIDE (_stack_start = .)
OUTPUT(build/briey.elf elf32-littleriscv)

.debug_info     0x0000000000000000     0x148e
 .debug_info    0x0000000000000000      0x7a5 build/src/briey_main.o
 .debug_info    0x00000000000007a5       0x25 build/src/briey_crt.o
 .debug_info    0x00000000000007ca      0x33e build/src/memcpy.o
 .debug_info    0x0000000000000b08      0x986 build/src/aes.o

.debug_abbrev   0x0000000000000000      0x67e
 .debug_abbrev  0x0000000000000000      0x30e build/src/briey_main.o
 .debug_abbrev  0x000000000000030e       0x14 build/src/briey_crt.o
 .debug_abbrev  0x0000000000000322      0x132 build/src/memcpy.o
 .debug_abbrev  0x0000000000000454      0x22a build/src/aes.o

.debug_loclists
                0x0000000000000000      0xfb0
 .debug_loclists
                0x0000000000000000      0x121 build/src/briey_main.o
 .debug_loclists
                0x0000000000000121      0x3f4 build/src/memcpy.o
 .debug_loclists
                0x0000000000000515      0xa9b build/src/aes.o

.debug_aranges  0x0000000000000000       0x88
 .debug_aranges
                0x0000000000000000       0x28 build/src/briey_main.o
 .debug_aranges
                0x0000000000000028       0x20 build/src/briey_crt.o
 .debug_aranges
                0x0000000000000048       0x20 build/src/memcpy.o
 .debug_aranges
                0x0000000000000068       0x20 build/src/aes.o

.debug_rnglists
                0x0000000000000000       0xf7
 .debug_rnglists
                0x0000000000000000       0x97 build/src/briey_main.o
 .debug_rnglists
                0x0000000000000097       0x60 build/src/memcpy.o

.debug_line     0x0000000000000000     0x24f0
 .debug_line    0x0000000000000000      0x618 build/src/briey_main.o
 .debug_line    0x0000000000000618      0x1c8 build/src/briey_crt.o
 .debug_line    0x00000000000007e0      0x3cf build/src/memcpy.o
 .debug_line    0x0000000000000baf     0x1941 build/src/aes.o

.debug_str      0x0000000000000000      0x44f
 .debug_str     0x0000000000000000      0x329 build/src/briey_main.o
                                        0x385 (size before relaxing)
 .debug_str     0x0000000000000329       0x57 build/src/briey_crt.o
 .debug_str     0x0000000000000380       0x3f build/src/memcpy.o
                                        0x165 (size before relaxing)
 .debug_str     0x00000000000003bf       0x90 build/src/aes.o
                                        0x236 (size before relaxing)

.debug_line_str
                0x0000000000000000      0x230
 .debug_line_str
                0x0000000000000000      0x11e build/src/briey_main.o
                                        0x17b (size before relaxing)
 .debug_line_str
                0x000000000000011e        0xc build/src/briey_crt.o
                                         0x20 (size before relaxing)
 .debug_line_str
                0x000000000000012a       0xfc build/src/memcpy.o
                                        0x170 (size before relaxing)
 .debug_line_str
                0x0000000000000226        0xa build/src/aes.o
                                        0x111 (size before relaxing)

.comment        0x0000000000000000       0x12
 .comment       0x0000000000000000       0x12 build/src/briey_main.o
                                         0x13 (size before relaxing)
 .comment       0x0000000000000012       0x13 build/src/memcpy.o
 .comment       0x0000000000000012       0x13 build/src/aes.o
 .comment       0x0000000000000012       0x13 /opt/riscv32im/lib/gcc/riscv32-unknown-elf/11.1.0/../../../../riscv32-unknown-elf/lib/libc.a(lib_a-memcpy.o)

.riscv.attributes
                0x0000000000000000       0x25
 .riscv.attributes
                0x0000000000000000       0x25 build/src/briey_main.o
 .riscv.attributes
                0x0000000000000025       0x23 build/src/briey_crt.o
 .riscv.attributes
                0x0000000000000048       0x21 build/src/memcpy.o
 .riscv.attributes
                0x0000000000000069       0x21 build/src/aes.o
 .riscv.attributes
                0x000000000000008a       0x21 /opt/riscv32im/lib/gcc/riscv32-unknown-elf/11.1.0/../../../../riscv32-unknown-elf/lib/libc.a(lib_a-memcpy.o)

.debug_frame    0x0000000000000000      0x378
 .debug_frame   0x0000000000000000      0x14c build/src/briey_main.o
 .debug_frame   0x000000000000014c       0x60 build/src/memcpy.o
 .debug_frame   0x00000000000001ac      0x1cc build/src/aes.o
