
Discarded input sections

 .group         0x0000000000000000        0xc build/src/briey_main.o
 .group         0x0000000000000000        0xc build/src/briey_main.o
 .group         0x0000000000000000        0xc build/src/briey_main.o
 .group         0x0000000000000000        0xc build/src/briey_main.o
 .group         0x0000000000000000        0xc build/src/briey_main.o
 .group         0x0000000000000000        0xc build/src/briey_main.o
 .group         0x0000000000000000        0xc build/src/briey_main.o
 .group         0x0000000000000000        0xc build/src/briey_main.o
 .group         0x0000000000000000        0xc build/src/briey_main.o
 .group         0x0000000000000000        0xc build/src/briey_main.o
 .group         0x0000000000000000        0xc build/src/briey_main.o
 .group         0x0000000000000000        0xc build/src/briey_main.o
 .group         0x0000000000000000        0xc build/src/briey_main.o
 .group         0x0000000000000000        0xc build/src/briey_main.o
 .group         0x0000000000000000        0xc build/src/briey_main.o
 .group         0x0000000000000000        0xc build/src/briey_main.o
 .group         0x0000000000000000        0xc build/src/briey_main.o
 .group         0x0000000000000000        0xc build/src/briey_main.o
 .group         0x0000000000000000        0xc build/src/briey_main.o
 .group         0x0000000000000000        0xc build/src/briey_main.o
 .group         0x0000000000000000        0xc build/src/briey_main.o
 .group         0x0000000000000000        0xc build/src/briey_main.o
 .group         0x0000000000000000        0xc build/src/briey_main.o
 .group         0x0000000000000000        0xc build/src/briey_main.o
 .group         0x0000000000000000        0xc build/src/briey_main.o
 .group         0x0000000000000000        0xc build/src/briey_main.o
 .group         0x0000000000000000        0xc build/src/briey_main.o
 .group         0x0000000000000000        0xc build/src/briey_main.o
 .group         0x0000000000000000        0xc build/src/briey_main.o
 .group         0x0000000000000000        0xc build/src/briey_main.o
 .group         0x0000000000000000        0xc build/src/briey_main.o
 .group         0x0000000000000000        0xc build/src/briey_main.o
 .group         0x0000000000000000        0xc build/src/briey_main.o
 .group         0x0000000000000000        0xc build/src/briey_main.o
 .group         0x0000000000000000        0xc build/src/briey_main.o
 .group         0x0000000000000000        0xc build/src/briey_main.o
 .group         0x0000000000000000        0xc build/src/briey_main.o
 .group         0x0000000000000000        0xc build/src/briey_main.o
 .group         0x0000000000000000        0xc build/src/briey_main.o

Memory Configuration

Name             Origin             Length             Attributes
onChipRam        0x0000000080000000 0x0000000000001000 w !xr
sdram            0x0000000040000000 0x0000000004000000 w !xr
*default*        0x0000000000000000 0xffffffffffffffff

Linker script and memory map

LOAD build/src/briey_main.o
LOAD build/src/briey_crt.o
LOAD /opt/riscv32im/lib/gcc/riscv32-unknown-elf/11.1.0/libgcc.a
                0x0000000000000800                _stack_size = 0x800
                0x0000000000000000                _heap_size = 0x0

.vector         0x0000000080000000      0x13c
 *crt.o(.text)
 .text          0x0000000080000000      0x13c build/src/briey_crt.o
                0x0000000080000000                crtStart
                0x0000000080000020                trap_entry

.memory         0x0000000040000000      0x330
 *(.text)
 .text          0x0000000040000000      0x330 build/src/briey_main.o
                0x000000004000023c                print
                0x0000000040000294                main
                0x0000000040000314                irqCallback
                0x0000000040000330                end = .

.rodata         0x0000000040000330      0x110
 *(.rdata)
 *(.rodata .rodata.*)
 .rodata        0x0000000040000330      0x110 build/src/briey_main.o
 *(.gnu.linkonce.r.*)

.rela.dyn       0x0000000040000440        0x0
 .rela.text     0x0000000040000440        0x0 build/src/briey_main.o

.ctors          0x0000000040000440        0x0
                0x0000000040000440                . = ALIGN (0x4)
                0x0000000040000440                _ctors_start = .
 *(.init_array*)
 *(SORT_BY_NAME(.ctors.*))
 *(.ctors)
                0x0000000040000440                . = ALIGN (0x4)
                0x0000000040000440                _ctors_end = .

.data           0x0000000040000440        0x0
 *(.rdata)
 *(.rodata .rodata.*)
 *(.gnu.linkonce.r.*)
 *(.data .data.*)
 .data          0x0000000040000440        0x0 build/src/briey_main.o
 .data          0x0000000040000440        0x0 build/src/briey_crt.o
 *(.gnu.linkonce.d.*)
                0x0000000040000440                . = ALIGN (0x8)
                0x0000000040000c40                PROVIDE (__global_pointer$ = (. + 0x800))
 *(.sdata .sdata.*)
 *(.gnu.linkonce.s.*)
                0x0000000040000440                . = ALIGN (0x8)
 *(.srodata.cst16)
 *(.srodata.cst8)
 *(.srodata.cst4)
 *(.srodata.cst2)
 *(.srodata .srodata.*)

.bss            0x0000000040000440        0x0
                0x0000000040000440                . = ALIGN (0x4)
                0x0000000040000440                _bss_start = .
 *(.sbss*)
 *(.gnu.linkonce.sb.*)
 *(.bss .bss.*)
 .bss           0x0000000040000440        0x0 build/src/briey_main.o
 .bss           0x0000000040000440        0x0 build/src/briey_crt.o
 *(.gnu.linkonce.b.*)
 *(COMMON)
                0x0000000040000440                . = ALIGN (0x4)
                0x0000000040000440                _bss_end = .

.noinit         0x0000000040000440        0x0
                0x0000000040000440                . = ALIGN (0x4)
 *(.noinit .noinit.*)
                0x0000000040000440                . = ALIGN (0x4)

._user_heap     0x0000000040000440        0x0
                0x0000000040000440                . = ALIGN (0x8)
                [!provide]                        PROVIDE (end = .)
                [!provide]                        PROVIDE (_end = .)
                [!provide]                        PROVIDE (_heap_start = .)
                0x0000000040000440                . = (. + _heap_size)
                0x0000000040000440                . = ALIGN (0x8)
                [!provide]                        PROVIDE (_heap_end = .)

._stack         0x000000008000013c      0x804
                0x0000000080000140                . = ALIGN (0x10)
 *fill*         0x000000008000013c        0x4 
                [!provide]                        PROVIDE (_stack_end = .)
                0x0000000080000940                . = (. + _stack_size)
 *fill*         0x0000000080000140      0x800 
                0x0000000080000940                . = ALIGN (0x10)
                0x0000000080000940                PROVIDE (_stack_start = .)
OUTPUT(build/briey.elf elf32-littleriscv)

.debug_info     0x0000000000000000      0x563
 .debug_info    0x0000000000000000      0x53e build/src/briey_main.o
 .debug_info    0x000000000000053e       0x25 build/src/briey_crt.o

.debug_abbrev   0x0000000000000000      0x196
 .debug_abbrev  0x0000000000000000      0x182 build/src/briey_main.o
 .debug_abbrev  0x0000000000000182       0x14 build/src/briey_crt.o

.debug_aranges  0x0000000000000000       0x40
 .debug_aranges
                0x0000000000000000       0x20 build/src/briey_main.o
 .debug_aranges
                0x0000000000000020       0x20 build/src/briey_crt.o

.debug_macro    0x0000000000000000     0x1ae3
 .debug_macro   0x0000000000000000      0x262 build/src/briey_main.o
 .debug_macro   0x0000000000000262      0x748 build/src/briey_main.o
 .debug_macro   0x00000000000009aa       0x22 build/src/briey_main.o
 .debug_macro   0x00000000000009cc       0x52 build/src/briey_main.o
 .debug_macro   0x0000000000000a1e       0x19 build/src/briey_main.o
 .debug_macro   0x0000000000000a37       0x94 build/src/briey_main.o
 .debug_macro   0x0000000000000acb       0x34 build/src/briey_main.o
 .debug_macro   0x0000000000000aff       0x34 build/src/briey_main.o
 .debug_macro   0x0000000000000b33       0x16 build/src/briey_main.o
 .debug_macro   0x0000000000000b49       0x57 build/src/briey_main.o
 .debug_macro   0x0000000000000ba0       0x97 build/src/briey_main.o
 .debug_macro   0x0000000000000c37      0x341 build/src/briey_main.o
 .debug_macro   0x0000000000000f78       0xfd build/src/briey_main.o
 .debug_macro   0x0000000000001075       0x10 build/src/briey_main.o
 .debug_macro   0x0000000000001085       0x16 build/src/briey_main.o
 .debug_macro   0x000000000000109b       0x43 build/src/briey_main.o
 .debug_macro   0x00000000000010de       0x34 build/src/briey_main.o
 .debug_macro   0x0000000000001112       0x10 build/src/briey_main.o
 .debug_macro   0x0000000000001122       0x52 build/src/briey_main.o
 .debug_macro   0x0000000000001174      0x182 build/src/briey_main.o
 .debug_macro   0x00000000000012f6       0x10 build/src/briey_main.o
 .debug_macro   0x0000000000001306       0x6a build/src/briey_main.o
 .debug_macro   0x0000000000001370       0x1c build/src/briey_main.o
 .debug_macro   0x000000000000138c       0x52 build/src/briey_main.o
 .debug_macro   0x00000000000013de       0x22 build/src/briey_main.o
 .debug_macro   0x0000000000001400       0x10 build/src/briey_main.o
 .debug_macro   0x0000000000001410       0x52 build/src/briey_main.o
 .debug_macro   0x0000000000001462       0xd5 build/src/briey_main.o
 .debug_macro   0x0000000000001537       0x1c build/src/briey_main.o
 .debug_macro   0x0000000000001553       0x3d build/src/briey_main.o
 .debug_macro   0x0000000000001590       0x16 build/src/briey_main.o
 .debug_macro   0x00000000000015a6      0x16f build/src/briey_main.o
 .debug_macro   0x0000000000001715       0x16 build/src/briey_main.o
 .debug_macro   0x000000000000172b       0x35 build/src/briey_main.o
 .debug_macro   0x0000000000001760      0x103 build/src/briey_main.o
 .debug_macro   0x0000000000001863      0x1df build/src/briey_main.o
 .debug_macro   0x0000000000001a42       0x16 build/src/briey_main.o
 .debug_macro   0x0000000000001a58       0x16 build/src/briey_main.o
 .debug_macro   0x0000000000001a6e       0x29 build/src/briey_main.o
 .debug_macro   0x0000000000001a97       0x4c build/src/briey_main.o

.debug_line     0x0000000000000000      0x560
 .debug_line    0x0000000000000000      0x380 build/src/briey_main.o
 .debug_line    0x0000000000000380      0x1e0 build/src/briey_crt.o

.debug_str      0x0000000000000000     0x718d
 .debug_str     0x0000000000000000     0x7146 build/src/briey_main.o
                                       0x733a (size before relaxing)
 .debug_str     0x0000000000007146       0x47 build/src/briey_crt.o

.debug_line_str
                0x0000000000000000      0x269
 .debug_line_str
                0x0000000000000000      0x25d build/src/briey_main.o
                                        0x30c (size before relaxing)
 .debug_line_str
                0x000000000000025d        0xc build/src/briey_crt.o
                                         0x20 (size before relaxing)

.comment        0x0000000000000000       0x12
 .comment       0x0000000000000000       0x12 build/src/briey_main.o
                                         0x13 (size before relaxing)

.riscv.attributes
                0x0000000000000000       0x25
 .riscv.attributes
                0x0000000000000000       0x21 build/src/briey_main.o
 .riscv.attributes
                0x0000000000000021       0x23 build/src/briey_crt.o

.debug_frame    0x0000000000000000      0x1f4
 .debug_frame   0x0000000000000000      0x1f4 build/src/briey_main.o
